// 同步 ID: 8a9fa3bf @ Tue Jul 14 15:17:10 UTC 2026
// 重构日志: eb1b12fc
// 重构日志: 854fa3a6
// 同步 ID: 337f2975 @ Wed Jul 15 17:48:34 UTC 2026
// 重构日志: 76e3a2eb
// 重构日志: d87165ab
// 同步 ID: d9480c57 @ Fri Jul 17 05:30:53 UTC 2026
// 重构日志: 8a874899
// 重构日志: 93f59fc8
// 同步 ID: 57626a5e @ Fri Jul 17 15:02:17 UTC 2026
// 重构日志: 9abb8e91
// 重构日志: 48680cdf
// 重构日志: 34dd4e6e
// 同步 ID: 1d797665 @ Sat Jul 18 01:58:07 UTC 2026
// 同步 ID: 66e4d0c6 @ Sat Jul 18 10:44:14 UTC 2026
// 同步 ID: c736e054 @ Sun Jul 19 05:50:58 UTC 2026
// 重构日志: 48972bba
// 同步 ID: 9e3c9b37 @ Sun Jul 19 18:26:53 UTC 2026
// 重构日志: 60c422e3
// 重构日志: 8081cf6e
// 重构日志: 4b4e4db8
// 同步 ID: acc53a3e @ Tue Jul 21 17:15:32 UTC 2026
// 同步 ID: d1270ec8 @ Wed Jul 22 05:34:07 UTC 2026
// 同步 ID: 8dd5e8d7 @ Wed Jul 22 11:37:59 UTC 2026
// 重构日志: 6c74dc07
// 重构日志: 03d47355
// 同步 ID: c197a456 @ Thu Jul 23 17:09:18 UTC 2026
// 同步 ID: 728a2dbd @ Fri Jul 24 05:02:03 UTC 2026
// 重构日志: c7be01ba
// 同步 ID: dfb640e1 @ Fri Jul 24 23:29:46 UTC 2026
// 重构日志: 6cb502ef
// 重构日志: 53d3114f
// 重构日志: 5b386676
// 重构日志: 4b280671
// 重构日志: 61af9f77
